FS_scan_folder_num
Intel_firmware_version
MServer
QoS
QoS_cnt
QoS_lan_ctl
QoS_lan_speed
QoS_wan_ctl
QoS_wan_speed
accounts_info
action_service
action_service_arg1
all_partitions_share
aol_block_traffic1
aol_block_traffic2
aol_block_traffic
audio_AAC
audio_AC3
audio_AIF
audio_LPCM
audio_M3U
audio_M4A
audio_MP2
audio_MP3
audio_MPA
audio_PCM
audio_WAV
audio_WMA
blank_disk_info
block_activex
block_cookie
block_java
block_loopback
block_proxy
block_wan
cifs_master_enable
cifs_msdfs_enable
d11g_bcn
d11g_channel
d11g_dtim
d11g_frag
d11g_mode
d11g_rate
d11g_rateset
d11g_rts
daylight_time
ddns_backmx
ddns_cache
ddns_change
ddns_enable
ddns_enable_buf
ddns_hostname
ddns_hostname_2
ddns_hostname_buf
ddns_interval
ddns_mx
ddns_passwd
ddns_passwd_2
ddns_passwd_buf
ddns_service
ddns_status
ddns_username
ddns_username_2
ddns_username_buf
ddns_wildcard
def_hwaddr
dhcp_domain
dhcp_lease
dhcp_num
dhcp_start
dhcp_statics
dhcp_wins
dir_list
dmz_dst_ip
dmz_enable
dmz_ipaddr
dmz_mac
dmz_src_any
dmz_src_ip
done_daysaving
done_ntp
eghn_enabled
enable_game
ezc_enable
ezc_version
filter
forward_port0
forward_port1
forward_port
forward_portsip0
forward_portsip1
forward_portsip
forward_single
ftp_all
ftp_enable
ftp_port
group_users
hb_server_domain
hb_server_ip
hnap_enable
ip_conntrack_max
ip_conntrack_tcp_timeouts
ip_conntrack_udp_timeouts
ipsec_pass
ipv6_6to4_subnetid
ipv6_dns
ipv6_lan_prefix
ipv6_mode
ipv6_wan_prefix
is_default
is_modified
lltd_enable
log_enable
log_ipaddr
log_level
log_show_all
log_show_type
log_type
mac_clone_enable
multicast_pass
nas_kill_wsc_times
nas_login
nas_messag
nfs_master_enable
ntp_enable
ntp_mode
ntp_server
photo_BMP
photo_GIF
photo_JPG
photo_PNG
photo_TIF
ping_ip
ping_size
ping_times
port_flow_control_0
port_flow_control_1
port_flow_control_2
port_flow_control_3
port_flow_control_4
port_priority_0
port_priority_1
port_priority_2
port_priority_3
port_priority_4
port_rate_limit_0
port_rate_limit_1
port_rate_limit_2
port_rate_limit_3
port_rate_limit_4
port_trigger
remote_ftp
remote_ip
remote_ip_any
remote_management
remote_mgt_https
remote_samba
remote_upgrade
restore_defaults
root_passwd
router_disable
router_name
router_url_address
security_mode2
security_mode
security_mode_0
security_mode_1
security_mode_last
sel_pptp_dhcp
sel_qosport1
sel_qosport2
sel_qosport3
sel_qosport4
sel_qosport5
sel_qosport6
sel_qosport7
sel_qosport8
shared_info
static_route
static_route_name
stats_server
traceroute_ip
upnp_config
upnp_enable
upnp_internet_dis
upnp_max_age
upnp_ssdp_interval
upnp_wan_proto
ure_disable
users_content
video_AVI
video_DAT
video_M4V
video_MP4
video_MPG
video_VOB
video_WMV
workgroup
workgroup_or_domain
MS_auto_scan
accounts_info
action_service
action_service_bottom
dhcp_statics
emf_enable
emf_entry
emf_rtport_entry
emf_uffp_entry
foreign_disk_info
forward_port
forward_portsip
forward_single
ftp_homeuser_dir
ftp_shares_limit
hb_server_domain
hb_server_ip
hnap_devicename
ipv6_dns
lan1_ifname
lan1_ifnames
nas_messag
ntp_server
ping_ip
port_trigger
pptp_get_ip
pptp_server_ip
private_shares
static_route
static_route_name
stats_server
traceroute_ip
ui_language
wan_dhcp_server
wan_dns
wan_domain
wan_gateway
wan_gateway_buf
wan_get_dns
wan_get_domain
wan_hostname
wan_hwaddr
wan_hwname
wan_iface
wan_ifname
wan_ifnames
wan_netmask
wan_pptp_dns
wan_pptp_gateway
wan_proto
wan_run_mtu
autofw_port0
blank_disk_info
charset
console_loglevel
dr_lan_rx
dr_lan_tx
dr_setting
dr_wan_rx
dr_wan_tx
http_enable
http_from
http_lanport
http_method
http_passwd
http_username
http_wanport
https_cert
https_enable
https_key
ident_pass
lan_dhcp
lan_domain
lan_hwaddr
lan_hwnames
lan_ifname
lan_ifnames
lan_ipaddr
lan_lease
lan_netmask
lan_proto
lan_route
lan_stp
lan_wins
mtu_enable
partition_name_0
public_ip
safe_mode_upgrade
security_mode_last
time_zone
upnp_wan_proto
wan_lease
wan_primary
wan_speed
wan_unit
wan_wins
web_wl_filter
wk_mode
skip_intel_check
skip_amd_check
use_new_vlan
wan_ipaddr
wan_mtu
new_vlan1hwname
new_vlan1ports 
new_vlan2hwname
new_vlan2ports
get_wsc_pin
get_wsc_pin_index
