password0!
password0@
password0#
password0$
password0%
password0^
password1!
password1@
password1#
password1$
password1%
password1^
password2!
password2@
password2#
password2$
password2%
password2^
password3!
password3@
password3#
password3$
password3%
password3^
password4!
password4@
password4#
password4$
password4%
password4^
password5!
password5@
password5#
password5$
password5%
password5^
password6!
password6@
password6#
password6$
password6%
password6^
password7!
password7@
password7#
password7$
password7%
password7^
password8!
password8@
password8#
password8$
password8%
password8^
password9!
password9@
password9#
password9$
password9%
password9^
TheReserve0!
TheReserve0@
TheReserve0#
TheReserve0$
TheReserve0%
TheReserve0^
TheReserve1!
TheReserve1@
TheReserve1#
TheReserve1$
TheReserve1%
TheReserve1^
TheReserve2!
TheReserve2@
TheReserve2#
TheReserve2$
TheReserve2%
TheReserve2^
TheReserve3!
TheReserve3@
TheReserve3#
TheReserve3$
TheReserve3%
TheReserve3^
TheReserve4!
TheReserve4@
TheReserve4#
TheReserve4$
TheReserve4%
TheReserve4^
TheReserve5!
TheReserve5@
TheReserve5#
TheReserve5$
TheReserve5%
TheReserve5^
TheReserve6!
TheReserve6@
TheReserve6#
TheReserve6$
TheReserve6%
TheReserve6^
TheReserve7!
TheReserve7@
TheReserve7#
TheReserve7$
TheReserve7%
TheReserve7^
TheReserve8!
TheReserve8@
TheReserve8#
TheReserve8$
TheReserve8%
TheReserve8^
TheReserve9!
TheReserve9@
TheReserve9#
TheReserve9$
TheReserve9%
TheReserve9^
Password0!
Password0@
Password0#
Password0$
Password0%
Password0^
Password1!
Password1@
Password1#
Password1$
Password1%
Password1^
Password2!
Password2@
Password2#
Password2$
Password2%
Password2^
Password3!
Password3@
Password3#
Password3$
Password3%
Password3^
Password4!
Password4@
Password4#
Password4$
Password4%
Password4^
Password5!
Password5@
Password5#
Password5$
Password5%
Password5^
Password6!
Password6@
Password6#
Password6$
Password6%
Password6^
Password7!
Password7@
Password7#
Password7$
Password7%
Password7^
Password8!
Password8@
Password8#
Password8$
Password8%
Password8^
Password9!
Password9@
Password9#
Password9$
Password9%
Password9^
TheReserveBank0!
TheReserveBank0@
TheReserveBank0#
TheReserveBank0$
TheReserveBank0%
TheReserveBank0^
TheReserveBank1!
TheReserveBank1@
TheReserveBank1#
TheReserveBank1$
TheReserveBank1%
TheReserveBank1^
TheReserveBank2!
TheReserveBank2@
TheReserveBank2#
TheReserveBank2$
TheReserveBank2%
TheReserveBank2^
TheReserveBank3!
TheReserveBank3@
TheReserveBank3#
TheReserveBank3$
TheReserveBank3%
TheReserveBank3^
TheReserveBank4!
TheReserveBank4@
TheReserveBank4#
TheReserveBank4$
TheReserveBank4%
TheReserveBank4^
TheReserveBank5!
TheReserveBank5@
TheReserveBank5#
TheReserveBank5$
TheReserveBank5%
TheReserveBank5^
TheReserveBank6!
TheReserveBank6@
TheReserveBank6#
TheReserveBank6$
TheReserveBank6%
TheReserveBank6^
TheReserveBank7!
TheReserveBank7@
TheReserveBank7#
TheReserveBank7$
TheReserveBank7%
TheReserveBank7^
TheReserveBank8!
TheReserveBank8@
TheReserveBank8#
TheReserveBank8$
TheReserveBank8%
TheReserveBank8^
TheReserveBank9!
TheReserveBank9@
TheReserveBank9#
TheReserveBank9$
TheReserveBank9%
TheReserveBank9^
